// Jest Snapshot v1, https://goo.gl/fbAQLP

exports[`SummaryCard should render correctly 1`] = `
.c0 {
  border-radius: 0.25rem;
  padding: 1.5rem;
  background: #323238;
}

.c1 {
  display: -webkit-box;
  display: -webkit-flex;
  display: -ms-flexbox;
  display: flex;
  -webkit-align-items: center;
  -webkit-box-align: center;
  -ms-flex-align: center;
  align-items: center;
  -webkit-box-pack: justify;
  -webkit-justify-content: space-between;
  -ms-flex-pack: justify;
  justify-content: space-between;
  color: #C4C4CC;
}

.c1 svg {
  font-size: 32px;
}

.c2 {
  display: block;
  margin-top: 1rem;
  font-size: 2rem;
}

<div>
  <div
    aria-label="Summary Card"
    class="c0"
    role="card"
  >
    <header
      class="c1"
    >
      <h4>
        Entradas
      </h4>
      <svg
        data-testid="icon"
        fill="#00B37E"
        height="32"
        viewBox="0 0 256 256"
        width="32"
        xmlns="http://www.w3.org/2000/svg"
      >
        <rect
          fill="none"
          height="256"
          width="256"
        />
        <circle
          cx="128"
          cy="128"
          fill="none"
          r="96"
          stroke="#00B37E"
          stroke-linecap="round"
          stroke-linejoin="round"
          stroke-width="24"
        />
        <polyline
          fill="none"
          points="94.1 121.9 128 88 161.9 121.9"
          stroke="#00B37E"
          stroke-linecap="round"
          stroke-linejoin="round"
          stroke-width="24"
        />
        <line
          fill="none"
          stroke="#00B37E"
          stroke-linecap="round"
          stroke-linejoin="round"
          stroke-width="24"
          x1="128"
          x2="128"
          y1="168"
          y2="88"
        />
      </svg>
    </header>
    <strong
      class="c2"
    >
      R$ 1.259,00
    </strong>
  </div>
</div>
`;
